../Core/Src/main.c:59:6:SpeedCtrl	24	static
../Core/Src/main.c:69:6:MotorStop	8	static
../Core/Src/main.c:78:6:MotorStart	8	static
../Core/Src/main.c:85:6:PositionCommand	16	static
../Core/Src/main.c:145:7:PIDControl	32	static
../Core/Src/main.c:164:6:PositionCtrl	16	static
../Core/Src/main.c:192:6:Command_Handling	16	static
../Core/Src/main.c:236:6:HAL_UART_RxCpltCallback	16	static
../Core/Src/main.c:247:5:main	8	static
../Core/Src/main.c:276:6:HAL_TIM_PeriodElapsedCallback	16	static
../Core/Src/main.c:288:6:HAL_GPIO_EXTI_Callback	16	static
../Core/Src/main.c:304:6:SystemClock_Config	72	static
../Core/Src/main.c:344:13:MX_TIM2_Init	32	static
../Core/Src/main.c:389:13:MX_TIM3_Init	56	static
../Core/Src/main.c:438:13:MX_TIM4_Init	64	static
../Core/Src/main.c:497:13:MX_USART1_UART_Init	8	static
../Core/Src/main.c:530:13:MX_GPIO_Init	40	static
../Core/Src/main.c:573:6:Error_Handler	4	static,ignoring_inline_asm
